{"level":"info","ts":1761908868.716553,"caller":"api-gateway/main.go:64","msg":"Starting NetOrchestrator API Gateway"}
{"level":"info","ts":1761908868.735827,"caller":"api-gateway/main.go:73","msg":"Running database migrations..."}
{"level":"info","ts":1761908868.735896,"caller":"database/migrations.go:16","msg":"Starting database migrations..."}

2025/10/31 16:37:48 [32m/Users/ayushar3/projects/netorchestrator/pkg/database/migrations.go:34
[0m[33m[4.951ms] [34;1m[rows:1][0m SELECT count(*) FROM information_schema.tables WHERE table_schema = CURRENT_SCHEMA() AND table_name = 'users' AND table_type = 'BASE TABLE'
{"level":"info","ts":1761908868.7421079,"caller":"database/migrations.go:42","msg":"Table exists, updating schema","model":"*models.User"}

2025/10/31 16:37:48 [32m/Users/ayushar3/projects/netorchestrator/pkg/database/migrations.go:43
[0m[33m[0.894ms] [34;1m[rows:1][0m SELECT count(*) FROM information_schema.tables WHERE table_schema = CURRENT_SCHEMA() AND table_name = 'users' AND table_type = 'BASE TABLE'

2025/10/31 16:37:48 [32m/Users/ayushar3/projects/netorchestrator/pkg/database/migrations.go:43
[0m[33m[0.788ms] [34;1m[rows:1][0m SELECT CURRENT_DATABASE()

2025/10/31 16:37:48 [32m/Users/ayushar3/projects/netorchestrator/pkg/database/migrations.go:43
[0m[33m[10.306ms] [34;1m[rows:-][0m SELECT c.column_name, c.is_nullable = 'YES', c.udt_name, c.character_maximum_length, c.numeric_precision, c.numeric_precision_radix, c.numeric_scale, c.datetime_precision, 8 * typlen, c.column_default, pd.description, c.identity_increment FROM information_schema.columns AS c JOIN pg_type AS pgt ON c.udt_name = pgt.typname LEFT JOIN pg_catalog.pg_description as pd ON pd.objsubid = c.ordinal_position AND pd.objoid = (SELECT oid FROM pg_catalog.pg_class WHERE relname = c.table_name AND relnamespace = (SELECT oid FROM pg_catalog.pg_namespace WHERE nspname = c.table_schema)) where table_catalog = 'netorchestrator' AND table_schema = CURRENT_SCHEMA() AND table_name = 'users'

2025/10/31 16:37:48 [32m/Users/ayushar3/projects/netorchestrator/pkg/database/migrations.go:43
[0m[33m[0.653ms] [34;1m[rows:-][0m SELECT * FROM "users" LIMIT 5

2025/10/31 16:37:48 [32m/Users/ayushar3/projects/netorchestrator/pkg/database/migrations.go:43
[0m[33m[7.501ms] [34;1m[rows:-][0m SELECT constraint_name FROM information_schema.table_constraints tc JOIN information_schema.constraint_column_usage AS ccu USING (constraint_schema, constraint_catalog, table_name, constraint_name) JOIN information_schema.columns AS c ON c.table_schema = tc.constraint_schema AND tc.table_name = c.table_name AND ccu.column_name = c.column_name WHERE constraint_type IN ('PRIMARY KEY', 'UNIQUE') AND c.table_catalog = 'netorchestrator' AND c.table_schema = CURRENT_SCHEMA() AND c.table_name = 'users' AND constraint_type = 'UNIQUE'

2025/10/31 16:37:48 [32m/Users/ayushar3/projects/netorchestrator/pkg/database/migrations.go:43
[0m[33m[5.883ms] [34;1m[rows:-][0m SELECT c.column_name, constraint_name, constraint_type FROM information_schema.table_constraints tc JOIN information_schema.constraint_column_usage AS ccu USING (constraint_schema, constraint_catalog, table_name, constraint_name) JOIN information_schema.columns AS c ON c.table_schema = tc.constraint_schema AND tc.table_name = c.table_name AND ccu.column_name = c.column_name WHERE constraint_type IN ('PRIMARY KEY', 'UNIQUE') AND c.table_catalog = 'netorchestrator' AND c.table_schema = CURRENT_SCHEMA() AND c.table_name = 'users'

2025/10/31 16:37:48 [32m/Users/ayushar3/projects/netorchestrator/pkg/database/migrations.go:43
[0m[33m[1.007ms] [34;1m[rows:-][0m SELECT a.attname as column_name, format_type(a.atttypid, a.atttypmod) AS data_type
		FROM pg_attribute a JOIN pg_class b ON a.attrelid = b.oid AND relnamespace = (SELECT oid FROM pg_catalog.pg_namespace WHERE nspname = CURRENT_SCHEMA())
		WHERE a.attnum > 0 -- hide internal columns
		AND NOT a.attisdropped -- hide deleted columns
		AND b.relname = 'users'

2025/10/31 16:37:48 [32m/Users/ayushar3/projects/netorchestrator/pkg/database/migrations.go:43
[0m[33m[1.828ms] [34;1m[rows:0][0m SELECT description FROM pg_catalog.pg_description WHERE objsubid = (SELECT ordinal_position FROM information_schema.columns WHERE table_schema = CURRENT_SCHEMA() AND table_name = 'users' AND column_name = 'id') AND objoid = (SELECT oid FROM pg_catalog.pg_class WHERE relname = 'users' AND relnamespace = (SELECT oid FROM pg_catalog.pg_namespace WHERE nspname = CURRENT_SCHEMA()))

2025/10/31 16:37:48 [31;1m [35;1mERROR: constraint "uni_users_username" of relation "users" does not exist (SQLSTATE 42704)
[0m[33m[0.690ms] [34;1m[rows:0][0m ALTER TABLE "users" DROP CONSTRAINT "uni_users_username"
{"level":"warn","ts":1761908868.772595,"caller":"database/migrations.go:46","msg":"Non-critical migration error (continuing)","error":"ERROR: constraint \"uni_users_username\" of relation \"users\" does not exist (SQLSTATE 42704)","model":"*models.User"}
{"level":"info","ts":1761908868.772619,"caller":"database/migrations.go:56","msg":"Migrated model","model":"*models.User"}

2025/10/31 16:37:48 [32m/Users/ayushar3/projects/netorchestrator/pkg/database/migrations.go:34
[0m[33m[0.707ms] [34;1m[rows:1][0m SELECT count(*) FROM information_schema.tables WHERE table_schema = CURRENT_SCHEMA() AND table_name = 'networks' AND table_type = 'BASE TABLE'
{"level":"info","ts":1761908868.773371,"caller":"database/migrations.go:42","msg":"Table exists, updating schema","model":"*models.Network"}

2025/10/31 16:37:48 [32m/Users/ayushar3/projects/netorchestrator/pkg/database/migrations.go:43
[0m[33m[0.688ms] [34;1m[rows:1][0m SELECT count(*) FROM information_schema.tables WHERE table_schema = CURRENT_SCHEMA() AND table_name = 'users' AND table_type = 'BASE TABLE'

2025/10/31 16:37:48 [32m/Users/ayushar3/projects/netorchestrator/pkg/database/migrations.go:43
[0m[33m[0.378ms] [34;1m[rows:1][0m SELECT CURRENT_DATABASE()

2025/10/31 16:37:48 [32m/Users/ayushar3/projects/netorchestrator/pkg/database/migrations.go:43
[0m[33m[2.947ms] [34;1m[rows:-][0m SELECT c.column_name, c.is_nullable = 'YES', c.udt_name, c.character_maximum_length, c.numeric_precision, c.numeric_precision_radix, c.numeric_scale, c.datetime_precision, 8 * typlen, c.column_default, pd.description, c.identity_increment FROM information_schema.columns AS c JOIN pg_type AS pgt ON c.udt_name = pgt.typname LEFT JOIN pg_catalog.pg_description as pd ON pd.objsubid = c.ordinal_position AND pd.objoid = (SELECT oid FROM pg_catalog.pg_class WHERE relname = c.table_name AND relnamespace = (SELECT oid FROM pg_catalog.pg_namespace WHERE nspname = c.table_schema)) where table_catalog = 'netorchestrator' AND table_schema = CURRENT_SCHEMA() AND table_name = 'users'

2025/10/31 16:37:48 [32m/Users/ayushar3/projects/netorchestrator/pkg/database/migrations.go:43
[0m[33m[0.379ms] [34;1m[rows:-][0m SELECT * FROM "users" LIMIT 5

2025/10/31 16:37:48 [32m/Users/ayushar3/projects/netorchestrator/pkg/database/migrations.go:43
[0m[33m[4.318ms] [34;1m[rows:-][0m SELECT constraint_name FROM information_schema.table_constraints tc JOIN information_schema.constraint_column_usage AS ccu USING (constraint_schema, constraint_catalog, table_name, constraint_name) JOIN information_schema.columns AS c ON c.table_schema = tc.constraint_schema AND tc.table_name = c.table_name AND ccu.column_name = c.column_name WHERE constraint_type IN ('PRIMARY KEY', 'UNIQUE') AND c.table_catalog = 'netorchestrator' AND c.table_schema = CURRENT_SCHEMA() AND c.table_name = 'users' AND constraint_type = 'UNIQUE'

2025/10/31 16:37:48 [32m/Users/ayushar3/projects/netorchestrator/pkg/database/migrations.go:43
[0m[33m[4.745ms] [34;1m[rows:-][0m SELECT c.column_name, constraint_name, constraint_type FROM information_schema.table_constraints tc JOIN information_schema.constraint_column_usage AS ccu USING (constraint_schema, constraint_catalog, table_name, constraint_name) JOIN information_schema.columns AS c ON c.table_schema = tc.constraint_schema AND tc.table_name = c.table_name AND ccu.column_name = c.column_name WHERE constraint_type IN ('PRIMARY KEY', 'UNIQUE') AND c.table_catalog = 'netorchestrator' AND c.table_schema = CURRENT_SCHEMA() AND c.table_name = 'users'

2025/10/31 16:37:48 [32m/Users/ayushar3/projects/netorchestrator/pkg/database/migrations.go:43
[0m[33m[0.494ms] [34;1m[rows:-][0m SELECT a.attname as column_name, format_type(a.atttypid, a.atttypmod) AS data_type
		FROM pg_attribute a JOIN pg_class b ON a.attrelid = b.oid AND relnamespace = (SELECT oid FROM pg_catalog.pg_namespace WHERE nspname = CURRENT_SCHEMA())
		WHERE a.attnum > 0 -- hide internal columns
		AND NOT a.attisdropped -- hide deleted columns
		AND b.relname = 'users'

2025/10/31 16:37:48 [32m/Users/ayushar3/projects/netorchestrator/pkg/database/migrations.go:43
[0m[33m[1.189ms] [34;1m[rows:0][0m SELECT description FROM pg_catalog.pg_description WHERE objsubid = (SELECT ordinal_position FROM information_schema.columns WHERE table_schema = CURRENT_SCHEMA() AND table_name = 'users' AND column_name = 'id') AND objoid = (SELECT oid FROM pg_catalog.pg_class WHERE relname = 'users' AND relnamespace = (SELECT oid FROM pg_catalog.pg_namespace WHERE nspname = CURRENT_SCHEMA()))

2025/10/31 16:37:48 [31;1m [35;1mERROR: constraint "uni_users_username" of relation "users" does not exist (SQLSTATE 42704)
[0m[33m[0.377ms] [34;1m[rows:0][0m ALTER TABLE "users" DROP CONSTRAINT "uni_users_username"
{"level":"warn","ts":1761908868.789428,"caller":"database/migrations.go:46","msg":"Non-critical migration error (continuing)","error":"ERROR: constraint \"uni_users_username\" of relation \"users\" does not exist (SQLSTATE 42704)","model":"*models.Network"}
{"level":"info","ts":1761908868.7894452,"caller":"database/migrations.go:56","msg":"Migrated model","model":"*models.Network"}

2025/10/31 16:37:48 [32m/Users/ayushar3/projects/netorchestrator/pkg/database/migrations.go:34
[0m[33m[0.570ms] [34;1m[rows:1][0m SELECT count(*) FROM information_schema.tables WHERE table_schema = CURRENT_SCHEMA() AND table_name = 'nodes' AND table_type = 'BASE TABLE'
{"level":"info","ts":1761908868.790046,"caller":"database/migrations.go:42","msg":"Table exists, updating schema","model":"*models.Node"}

2025/10/31 16:37:48 [32m/Users/ayushar3/projects/netorchestrator/pkg/database/migrations.go:43
[0m[33m[0.701ms] [34;1m[rows:1][0m SELECT count(*) FROM information_schema.tables WHERE table_schema = CURRENT_SCHEMA() AND table_name = 'users' AND table_type = 'BASE TABLE'

2025/10/31 16:37:48 [32m/Users/ayushar3/projects/netorchestrator/pkg/database/migrations.go:43
[0m[33m[0.408ms] [34;1m[rows:1][0m SELECT CURRENT_DATABASE()

2025/10/31 16:37:48 [32m/Users/ayushar3/projects/netorchestrator/pkg/database/migrations.go:43
[0m[33m[2.955ms] [34;1m[rows:-][0m SELECT c.column_name, c.is_nullable = 'YES', c.udt_name, c.character_maximum_length, c.numeric_precision, c.numeric_precision_radix, c.numeric_scale, c.datetime_precision, 8 * typlen, c.column_default, pd.description, c.identity_increment FROM information_schema.columns AS c JOIN pg_type AS pgt ON c.udt_name = pgt.typname LEFT JOIN pg_catalog.pg_description as pd ON pd.objsubid = c.ordinal_position AND pd.objoid = (SELECT oid FROM pg_catalog.pg_class WHERE relname = c.table_name AND relnamespace = (SELECT oid FROM pg_catalog.pg_namespace WHERE nspname = c.table_schema)) where table_catalog = 'netorchestrator' AND table_schema = CURRENT_SCHEMA() AND table_name = 'users'

2025/10/31 16:37:48 [32m/Users/ayushar3/projects/netorchestrator/pkg/database/migrations.go:43
[0m[33m[0.412ms] [34;1m[rows:-][0m SELECT * FROM "users" LIMIT 5

2025/10/31 16:37:48 [32m/Users/ayushar3/projects/netorchestrator/pkg/database/migrations.go:43
[0m[33m[4.444ms] [34;1m[rows:-][0m SELECT constraint_name FROM information_schema.table_constraints tc JOIN information_schema.constraint_column_usage AS ccu USING (constraint_schema, constraint_catalog, table_name, constraint_name) JOIN information_schema.columns AS c ON c.table_schema = tc.constraint_schema AND tc.table_name = c.table_name AND ccu.column_name = c.column_name WHERE constraint_type IN ('PRIMARY KEY', 'UNIQUE') AND c.table_catalog = 'netorchestrator' AND c.table_schema = CURRENT_SCHEMA() AND c.table_name = 'users' AND constraint_type = 'UNIQUE'

2025/10/31 16:37:48 [32m/Users/ayushar3/projects/netorchestrator/pkg/database/migrations.go:43
[0m[33m[4.898ms] [34;1m[rows:-][0m SELECT c.column_name, constraint_name, constraint_type FROM information_schema.table_constraints tc JOIN information_schema.constraint_column_usage AS ccu USING (constraint_schema, constraint_catalog, table_name, constraint_name) JOIN information_schema.columns AS c ON c.table_schema = tc.constraint_schema AND tc.table_name = c.table_name AND ccu.column_name = c.column_name WHERE constraint_type IN ('PRIMARY KEY', 'UNIQUE') AND c.table_catalog = 'netorchestrator' AND c.table_schema = CURRENT_SCHEMA() AND c.table_name = 'users'

2025/10/31 16:37:48 [32m/Users/ayushar3/projects/netorchestrator/pkg/database/migrations.go:43
[0m[33m[0.485ms] [34;1m[rows:-][0m SELECT a.attname as column_name, format_type(a.atttypid, a.atttypmod) AS data_type
		FROM pg_attribute a JOIN pg_class b ON a.attrelid = b.oid AND relnamespace = (SELECT oid FROM pg_catalog.pg_namespace WHERE nspname = CURRENT_SCHEMA())
		WHERE a.attnum > 0 -- hide internal columns
		AND NOT a.attisdropped -- hide deleted columns
		AND b.relname = 'users'

2025/10/31 16:37:48 [32m/Users/ayushar3/projects/netorchestrator/pkg/database/migrations.go:43
[0m[33m[1.238ms] [34;1m[rows:0][0m SELECT description FROM pg_catalog.pg_description WHERE objsubid = (SELECT ordinal_position FROM information_schema.columns WHERE table_schema = CURRENT_SCHEMA() AND table_name = 'users' AND column_name = 'id') AND objoid = (SELECT oid FROM pg_catalog.pg_class WHERE relname = 'users' AND relnamespace = (SELECT oid FROM pg_catalog.pg_namespace WHERE nspname = CURRENT_SCHEMA()))

2025/10/31 16:37:48 [31;1m [35;1mERROR: constraint "uni_users_username" of relation "users" does not exist (SQLSTATE 42704)
[0m[33m[0.541ms] [34;1m[rows:0][0m ALTER TABLE "users" DROP CONSTRAINT "uni_users_username"
{"level":"warn","ts":1761908868.806713,"caller":"database/migrations.go:46","msg":"Non-critical migration error (continuing)","error":"ERROR: constraint \"uni_users_username\" of relation \"users\" does not exist (SQLSTATE 42704)","model":"*models.Node"}
{"level":"info","ts":1761908868.8067331,"caller":"database/migrations.go:56","msg":"Migrated model","model":"*models.Node"}

2025/10/31 16:37:48 [32m/Users/ayushar3/projects/netorchestrator/pkg/database/migrations.go:34
[0m[33m[0.507ms] [34;1m[rows:1][0m SELECT count(*) FROM information_schema.tables WHERE table_schema = CURRENT_SCHEMA() AND table_name = 'links' AND table_type = 'BASE TABLE'
{"level":"info","ts":1761908868.807277,"caller":"database/migrations.go:42","msg":"Table exists, updating schema","model":"*models.Link"}

2025/10/31 16:37:48 [32m/Users/ayushar3/projects/netorchestrator/pkg/database/migrations.go:43
[0m[33m[0.466ms] [34;1m[rows:1][0m SELECT count(*) FROM information_schema.tables WHERE table_schema = CURRENT_SCHEMA() AND table_name = 'users' AND table_type = 'BASE TABLE'

2025/10/31 16:37:48 [32m/Users/ayushar3/projects/netorchestrator/pkg/database/migrations.go:43
[0m[33m[0.307ms] [34;1m[rows:1][0m SELECT CURRENT_DATABASE()

2025/10/31 16:37:48 [32m/Users/ayushar3/projects/netorchestrator/pkg/database/migrations.go:43
[0m[33m[3.025ms] [34;1m[rows:-][0m SELECT c.column_name, c.is_nullable = 'YES', c.udt_name, c.character_maximum_length, c.numeric_precision, c.numeric_precision_radix, c.numeric_scale, c.datetime_precision, 8 * typlen, c.column_default, pd.description, c.identity_increment FROM information_schema.columns AS c JOIN pg_type AS pgt ON c.udt_name = pgt.typname LEFT JOIN pg_catalog.pg_description as pd ON pd.objsubid = c.ordinal_position AND pd.objoid = (SELECT oid FROM pg_catalog.pg_class WHERE relname = c.table_name AND relnamespace = (SELECT oid FROM pg_catalog.pg_namespace WHERE nspname = c.table_schema)) where table_catalog = 'netorchestrator' AND table_schema = CURRENT_SCHEMA() AND table_name = 'users'

2025/10/31 16:37:48 [32m/Users/ayushar3/projects/netorchestrator/pkg/database/migrations.go:43
[0m[33m[0.379ms] [34;1m[rows:-][0m SELECT * FROM "users" LIMIT 5

2025/10/31 16:37:48 [32m/Users/ayushar3/projects/netorchestrator/pkg/database/migrations.go:43
[0m[33m[4.432ms] [34;1m[rows:-][0m SELECT constraint_name FROM information_schema.table_constraints tc JOIN information_schema.constraint_column_usage AS ccu USING (constraint_schema, constraint_catalog, table_name, constraint_name) JOIN information_schema.columns AS c ON c.table_schema = tc.constraint_schema AND tc.table_name = c.table_name AND ccu.column_name = c.column_name WHERE constraint_type IN ('PRIMARY KEY', 'UNIQUE') AND c.table_catalog = 'netorchestrator' AND c.table_schema = CURRENT_SCHEMA() AND c.table_name = 'users' AND constraint_type = 'UNIQUE'

2025/10/31 16:37:48 [32m/Users/ayushar3/projects/netorchestrator/pkg/database/migrations.go:43
[0m[33m[5.061ms] [34;1m[rows:-][0m SELECT c.column_name, constraint_name, constraint_type FROM information_schema.table_constraints tc JOIN information_schema.constraint_column_usage AS ccu USING (constraint_schema, constraint_catalog, table_name, constraint_name) JOIN information_schema.columns AS c ON c.table_schema = tc.constraint_schema AND tc.table_name = c.table_name AND ccu.column_name = c.column_name WHERE constraint_type IN ('PRIMARY KEY', 'UNIQUE') AND c.table_catalog = 'netorchestrator' AND c.table_schema = CURRENT_SCHEMA() AND c.table_name = 'users'

2025/10/31 16:37:48 [32m/Users/ayushar3/projects/netorchestrator/pkg/database/migrations.go:43
[0m[33m[0.487ms] [34;1m[rows:-][0m SELECT a.attname as column_name, format_type(a.atttypid, a.atttypmod) AS data_type
		FROM pg_attribute a JOIN pg_class b ON a.attrelid = b.oid AND relnamespace = (SELECT oid FROM pg_catalog.pg_namespace WHERE nspname = CURRENT_SCHEMA())
		WHERE a.attnum > 0 -- hide internal columns
		AND NOT a.attisdropped -- hide deleted columns
		AND b.relname = 'users'

2025/10/31 16:37:48 [32m/Users/ayushar3/projects/netorchestrator/pkg/database/migrations.go:43
[0m[33m[1.255ms] [34;1m[rows:0][0m SELECT description FROM pg_catalog.pg_description WHERE objsubid = (SELECT ordinal_position FROM information_schema.columns WHERE table_schema = CURRENT_SCHEMA() AND table_name = 'users' AND column_name = 'id') AND objoid = (SELECT oid FROM pg_catalog.pg_class WHERE relname = 'users' AND relnamespace = (SELECT oid FROM pg_catalog.pg_namespace WHERE nspname = CURRENT_SCHEMA()))

2025/10/31 16:37:48 [31;1m [35;1mERROR: constraint "uni_users_username" of relation "users" does not exist (SQLSTATE 42704)
[0m[33m[0.818ms] [34;1m[rows:0][0m ALTER TABLE "users" DROP CONSTRAINT "uni_users_username"
{"level":"warn","ts":1761908868.824068,"caller":"database/migrations.go:46","msg":"Non-critical migration error (continuing)","error":"ERROR: constraint \"uni_users_username\" of relation \"users\" does not exist (SQLSTATE 42704)","model":"*models.Link"}
{"level":"info","ts":1761908868.824088,"caller":"database/migrations.go:56","msg":"Migrated model","model":"*models.Link"}

2025/10/31 16:37:48 [32m/Users/ayushar3/projects/netorchestrator/pkg/database/migrations.go:34
[0m[33m[0.393ms] [34;1m[rows:1][0m SELECT count(*) FROM information_schema.tables WHERE table_schema = CURRENT_SCHEMA() AND table_name = 'policies' AND table_type = 'BASE TABLE'
{"level":"info","ts":1761908868.824519,"caller":"database/migrations.go:42","msg":"Table exists, updating schema","model":"*models.Policy"}

2025/10/31 16:37:48 [32m/Users/ayushar3/projects/netorchestrator/pkg/database/migrations.go:43
[0m[33m[0.374ms] [34;1m[rows:1][0m SELECT count(*) FROM information_schema.tables WHERE table_schema = CURRENT_SCHEMA() AND table_name = 'users' AND table_type = 'BASE TABLE'

2025/10/31 16:37:48 [32m/Users/ayushar3/projects/netorchestrator/pkg/database/migrations.go:43
[0m[33m[0.309ms] [34;1m[rows:1][0m SELECT CURRENT_DATABASE()

2025/10/31 16:37:48 [32m/Users/ayushar3/projects/netorchestrator/pkg/database/migrations.go:43
[0m[33m[3.001ms] [34;1m[rows:-][0m SELECT c.column_name, c.is_nullable = 'YES', c.udt_name, c.character_maximum_length, c.numeric_precision, c.numeric_precision_radix, c.numeric_scale, c.datetime_precision, 8 * typlen, c.column_default, pd.description, c.identity_increment FROM information_schema.columns AS c JOIN pg_type AS pgt ON c.udt_name = pgt.typname LEFT JOIN pg_catalog.pg_description as pd ON pd.objsubid = c.ordinal_position AND pd.objoid = (SELECT oid FROM pg_catalog.pg_class WHERE relname = c.table_name AND relnamespace = (SELECT oid FROM pg_catalog.pg_namespace WHERE nspname = c.table_schema)) where table_catalog = 'netorchestrator' AND table_schema = CURRENT_SCHEMA() AND table_name = 'users'

2025/10/31 16:37:48 [32m/Users/ayushar3/projects/netorchestrator/pkg/database/migrations.go:43
[0m[33m[0.365ms] [34;1m[rows:-][0m SELECT * FROM "users" LIMIT 5

2025/10/31 16:37:48 [32m/Users/ayushar3/projects/netorchestrator/pkg/database/migrations.go:43
[0m[33m[4.760ms] [34;1m[rows:-][0m SELECT constraint_name FROM information_schema.table_constraints tc JOIN information_schema.constraint_column_usage AS ccu USING (constraint_schema, constraint_catalog, table_name, constraint_name) JOIN information_schema.columns AS c ON c.table_schema = tc.constraint_schema AND tc.table_name = c.table_name AND ccu.column_name = c.column_name WHERE constraint_type IN ('PRIMARY KEY', 'UNIQUE') AND c.table_catalog = 'netorchestrator' AND c.table_schema = CURRENT_SCHEMA() AND c.table_name = 'users' AND constraint_type = 'UNIQUE'

2025/10/31 16:37:48 [32m/Users/ayushar3/projects/netorchestrator/pkg/database/migrations.go:43
[0m[33m[4.529ms] [34;1m[rows:-][0m SELECT c.column_name, constraint_name, constraint_type FROM information_schema.table_constraints tc JOIN information_schema.constraint_column_usage AS ccu USING (constraint_schema, constraint_catalog, table_name, constraint_name) JOIN information_schema.columns AS c ON c.table_schema = tc.constraint_schema AND tc.table_name = c.table_name AND ccu.column_name = c.column_name WHERE constraint_type IN ('PRIMARY KEY', 'UNIQUE') AND c.table_catalog = 'netorchestrator' AND c.table_schema = CURRENT_SCHEMA() AND c.table_name = 'users'

2025/10/31 16:37:48 [32m/Users/ayushar3/projects/netorchestrator/pkg/database/migrations.go:43
[0m[33m[0.466ms] [34;1m[rows:-][0m SELECT a.attname as column_name, format_type(a.atttypid, a.atttypmod) AS data_type
		FROM pg_attribute a JOIN pg_class b ON a.attrelid = b.oid AND relnamespace = (SELECT oid FROM pg_catalog.pg_namespace WHERE nspname = CURRENT_SCHEMA())
		WHERE a.attnum > 0 -- hide internal columns
		AND NOT a.attisdropped -- hide deleted columns
		AND b.relname = 'users'

2025/10/31 16:37:48 [32m/Users/ayushar3/projects/netorchestrator/pkg/database/migrations.go:43
[0m[33m[1.459ms] [34;1m[rows:0][0m SELECT description FROM pg_catalog.pg_description WHERE objsubid = (SELECT ordinal_position FROM information_schema.columns WHERE table_schema = CURRENT_SCHEMA() AND table_name = 'users' AND column_name = 'id') AND objoid = (SELECT oid FROM pg_catalog.pg_class WHERE relname = 'users' AND relnamespace = (SELECT oid FROM pg_catalog.pg_namespace WHERE nspname = CURRENT_SCHEMA()))

2025/10/31 16:37:48 [31;1m [35;1mERROR: constraint "uni_users_username" of relation "users" does not exist (SQLSTATE 42704)
[0m[33m[0.471ms] [34;1m[rows:0][0m ALTER TABLE "users" DROP CONSTRAINT "uni_users_username"
{"level":"warn","ts":1761908868.840849,"caller":"database/migrations.go:46","msg":"Non-critical migration error (continuing)","error":"ERROR: constraint \"uni_users_username\" of relation \"users\" does not exist (SQLSTATE 42704)","model":"*models.Policy"}
{"level":"info","ts":1761908868.840868,"caller":"database/migrations.go:56","msg":"Migrated model","model":"*models.Policy"}
{"level":"info","ts":1761908868.8408818,"caller":"database/migrations.go:60","msg":"Checking for missing columns in links table..."}

2025/10/31 16:37:48 [32m/Users/ayushar3/projects/netorchestrator/pkg/database/migrations.go:61
[0m[33m[0.470ms] [34;1m[rows:1][0m SELECT count(*) FROM information_schema.tables WHERE table_schema = CURRENT_SCHEMA() AND table_name = 'links' AND table_type = 'BASE TABLE'

2025/10/31 16:37:48 [32m/Users/ayushar3/projects/netorchestrator/pkg/database/migrations.go:64
[0m[33m[1.775ms] [34;1m[rows:1][0m SELECT COUNT(*) FROM information_schema.columns WHERE table_name = 'links' AND column_name = 'name'

2025/10/31 16:37:48 [32m/Users/ayushar3/projects/netorchestrator/pkg/database/migrations.go:71
[0m[33m[1.473ms] [34;1m[rows:1][0m SELECT COUNT(*) FROM information_schema.columns WHERE table_name = 'links' AND column_name = 'config'
{"level":"info","ts":1761908868.844678,"caller":"database/migrations.go:78","msg":"All migrations completed successfully"}

2025/10/31 16:37:48 [32m/Users/ayushar3/projects/netorchestrator/pkg/database/migrations.go:123
[0m[33m[0.965ms] [34;1m[rows:11][0m 
		SELECT table_name 
		FROM information_schema.tables 
		WHERE table_schema = 'public' 
		AND table_type = 'BASE TABLE'
		ORDER BY table_name;
	

2025/10/31 16:37:48 [32m/Users/ayushar3/projects/netorchestrator/pkg/database/migrations.go:146
[0m[33m[2.044ms] [34;1m[rows:13][0m 
			SELECT column_name, data_type, is_nullable, column_default
			FROM information_schema.columns
			WHERE table_schema = 'public' AND table_name = 'alerts'
			ORDER BY ordinal_position;
		

2025/10/31 16:37:48 [32m/Users/ayushar3/projects/netorchestrator/pkg/database/migrations.go:146
[0m[33m[1.646ms] [34;1m[rows:9][0m 
			SELECT column_name, data_type, is_nullable, column_default
			FROM information_schema.columns
			WHERE table_schema = 'public' AND table_name = 'events'
			ORDER BY ordinal_position;
		

2025/10/31 16:37:48 [32m/Users/ayushar3/projects/netorchestrator/pkg/database/migrations.go:146
[0m[33m[1.587ms] [34;1m[rows:15][0m 
			SELECT column_name, data_type, is_nullable, column_default
			FROM information_schema.columns
			WHERE table_schema = 'public' AND table_name = 'links'
			ORDER BY ordinal_position;
		

2025/10/31 16:37:48 [32m/Users/ayushar3/projects/netorchestrator/pkg/database/migrations.go:146
[0m[33m[1.351ms] [34;1m[rows:8][0m 
			SELECT column_name, data_type, is_nullable, column_default
			FROM information_schema.columns
			WHERE table_schema = 'public' AND table_name = 'metrics'
			ORDER BY ordinal_position;
		

2025/10/31 16:37:48 [32m/Users/ayushar3/projects/netorchestrator/pkg/database/migrations.go:146
[0m[33m[1.240ms] [34;1m[rows:14][0m 
			SELECT column_name, data_type, is_nullable, column_default
			FROM information_schema.columns
			WHERE table_schema = 'public' AND table_name = 'networks'
			ORDER BY ordinal_position;
		

2025/10/31 16:37:48 [32m/Users/ayushar3/projects/netorchestrator/pkg/database/migrations.go:146
[0m[33m[1.237ms] [34;1m[rows:19][0m 
			SELECT column_name, data_type, is_nullable, column_default
			FROM information_schema.columns
			WHERE table_schema = 'public' AND table_name = 'nodes'
			ORDER BY ordinal_position;
		

2025/10/31 16:37:48 [32m/Users/ayushar3/projects/netorchestrator/pkg/database/migrations.go:146
[0m[33m[0.480ms] [34;1m[rows:12][0m 
			SELECT column_name, data_type, is_nullable, column_default
			FROM information_schema.columns
			WHERE table_schema = 'public' AND table_name = 'policies'
			ORDER BY ordinal_position;
		

2025/10/31 16:37:48 [32m/Users/ayushar3/projects/netorchestrator/pkg/database/migrations.go:146
[0m[33m[0.440ms] [34;1m[rows:10][0m 
			SELECT column_name, data_type, is_nullable, column_default
			FROM information_schema.columns
			WHERE table_schema = 'public' AND table_name = 'task_executions'
			ORDER BY ordinal_position;
		

2025/10/31 16:37:48 [32m/Users/ayushar3/projects/netorchestrator/pkg/database/migrations.go:146
[0m[33m[0.537ms] [34;1m[rows:8][0m 
			SELECT column_name, data_type, is_nullable, column_default
			FROM information_schema.columns
			WHERE table_schema = 'public' AND table_name = 'users'
			ORDER BY ordinal_position;
		

2025/10/31 16:37:48 [32m/Users/ayushar3/projects/netorchestrator/pkg/database/migrations.go:146
[0m[33m[0.596ms] [34;1m[rows:9][0m 
			SELECT column_name, data_type, is_nullable, column_default
			FROM information_schema.columns
			WHERE table_schema = 'public' AND table_name = 'workflow_definitions'
			ORDER BY ordinal_position;
		

2025/10/31 16:37:48 [32m/Users/ayushar3/projects/netorchestrator/pkg/database/migrations.go:146
[0m[33m[0.441ms] [34;1m[rows:8][0m 
			SELECT column_name, data_type, is_nullable, column_default
			FROM information_schema.columns
			WHERE table_schema = 'public' AND table_name = 'workflow_executions'
			ORDER BY ordinal_position;
		
{"level":"info","ts":1761908868.857617,"caller":"api-gateway/main.go:84","msg":"Database migration status","table_count":11,"tables":["alerts","events","links","metrics","networks","nodes","policies","task_executions","users","workflow_definitions","workflow_executions"]}
{"level":"info","ts":1761908868.857669,"caller":"api-gateway/main.go:89","msg":"Database migrations completed successfully"}
{"level":"info","ts":1761908868.8612008,"caller":"automation/engine.go:169","msg":"Registered task executor","type":"terraform"}
{"level":"info","ts":1761908868.861251,"caller":"automation/engine.go:169","msg":"Registered task executor","type":"ansible"}
{"level":"info","ts":1761908868.861262,"caller":"automation/engine.go:169","msg":"Registered task executor","type":"api_call"}
{"level":"info","ts":1761908868.86127,"caller":"automation/engine.go:169","msg":"Registered task executor","type":"script"}
{"level":"info","ts":1761908868.861278,"caller":"automation/engine.go:169","msg":"Registered task executor","type":"validation"}
{"level":"info","ts":1761908868.8612852,"caller":"automation/engine.go:169","msg":"Registered task executor","type":"network_provision"}
{"level":"info","ts":1761908868.861291,"caller":"automation/engine.go:169","msg":"Registered task executor","type":"terraform"}
{"level":"info","ts":1761908868.861302,"caller":"automation/engine.go:169","msg":"Registered task executor","type":"ansible"}
{"level":"info","ts":1761908868.86131,"caller":"automation/engine.go:169","msg":"Registered task executor","type":"api_call"}
{"level":"info","ts":1761908868.8613162,"caller":"automation/engine.go:169","msg":"Registered task executor","type":"script"}
{"level":"info","ts":1761908868.861322,"caller":"automation/engine.go:169","msg":"Registered task executor","type":"validation"}
{"level":"info","ts":1761908868.861328,"caller":"automation/engine.go:169","msg":"Registered task executor","type":"network_provision"}
{"level":"info","ts":1761908868.8615448,"caller":"api-gateway/main.go:154","msg":"Starting server","host":"0.0.0.0","port":"8080"}
{"level":"info","ts":1761908884.091105,"caller":"nlp/service.go:43","msg":"Parsing natural language request","text":"create a star network with 6 web servers and one load balancer using 10.0.0.0/24"}
{"level":"info","ts":1761908884.091638,"caller":"nlp/service.go:119","msg":"Parsed network specification","topology":"star","node_count":6}

2025/10/31 16:38:04 [32m/Users/ayushar3/projects/netorchestrator/internal/services/network.go:91
[0m[33m[3.029ms] [34;1m[rows:1][0m SELECT "id" FROM "users" WHERE username = 'admin' AND "users"."deleted_at" IS NULL ORDER BY "users"."id" LIMIT 1

2025/10/31 16:38:04 [32m/Users/ayushar3/projects/netorchestrator/internal/services/network.go:38
[0m[33m[4.917ms] [34;1m[rows:1][0m INSERT INTO "networks" ("name","description","status","user_id","config","created_at","updated_at","deleted_at") VALUES ('Network from ''create a star network with 6 w...''','Network created from natural language: create a star network with 6 web servers and one load balancer using 10.0.0.0/24','pending','070c27a6-34e8-498d-8e55-2b046e69f6bc','{"topology":"star","subnet":"10.0.0.0/24","gateway":"","dns":null,"mtu":0,"qos":{"enabled":false,"policies":null,"bandwidth":{"upstream":0,"downstream":0,"burst":0},"priority":{"levels":null},"custom_attrs":null},"security":{"firewall":{"enabled":false,"rules":null},"encryption":{"enabled":false,"algorithm":"","key_size":0,"custom_attrs":null},"access":{"enabled":false,"rules":null,"custom_attrs":null},"custom_attrs":null},"monitoring":{"enabled":false,"metrics":null,"alerts":null,"custom_attrs":null},"custom_attrs":null}','2025-10-31 16:38:04.095','2025-10-31 16:38:04.095',NULL) RETURNING "id"
{"level":"info","ts":1761908884.100075,"caller":"services/network.go:43","msg":"Network created successfully","network_id":"ec09c9e5-3b50-448c-8fd6-9db9da1ce0d2"}

2025/10/31 16:38:04 [32m/Users/ayushar3/projects/netorchestrator/internal/services/network.go:127
[0m[33m[3.030ms] [34;1m[rows:1][0m INSERT INTO "nodes" ("network_id","name","node_type","status","ip_address","mac_address","config","position","created_at","updated_at","deleted_at") VALUES ('ec09c9e5-3b50-448c-8fd6-9db9da1ce0d2','Node 1','host','active','10.0.0.0','','{"cpu":0,"memory":0,"storage":0,"os":"","image":"","ports":null,"services":null,"custom_attrs":null}','{"x":0,"y":0}','2025-10-31 16:38:04.1','2025-10-31 16:38:04.1',NULL) RETURNING "id"
{"level":"info","ts":1761908884.103298,"caller":"services/network.go:132","msg":"Node created successfully","node_id":"190f5495-6b41-46ee-9e60-4e4ba471cfaf"}

2025/10/31 16:38:04 [32m/Users/ayushar3/projects/netorchestrator/internal/services/network.go:127
[0m[33m[2.264ms] [34;1m[rows:1][0m INSERT INTO "nodes" ("network_id","name","node_type","status","ip_address","mac_address","config","position","created_at","updated_at","deleted_at") VALUES ('ec09c9e5-3b50-448c-8fd6-9db9da1ce0d2','Node 2','host','active','','','{"cpu":0,"memory":0,"storage":0,"os":"","image":"","ports":null,"services":null,"custom_attrs":null}','{"x":0,"y":0}','2025-10-31 16:38:04.103','2025-10-31 16:38:04.103',NULL) RETURNING "id"
{"level":"info","ts":1761908884.105739,"caller":"services/network.go:132","msg":"Node created successfully","node_id":"518124fc-d41d-4ab6-a632-a0d434140b59"}

2025/10/31 16:38:04 [32m/Users/ayushar3/projects/netorchestrator/internal/services/network.go:127
[0m[33m[1.691ms] [34;1m[rows:1][0m INSERT INTO "nodes" ("network_id","name","node_type","status","ip_address","mac_address","config","position","created_at","updated_at","deleted_at") VALUES ('ec09c9e5-3b50-448c-8fd6-9db9da1ce0d2','Node 3','host','active','','','{"cpu":0,"memory":0,"storage":0,"os":"","image":"","ports":null,"services":null,"custom_attrs":null}','{"x":0,"y":0}','2025-10-31 16:38:04.106','2025-10-31 16:38:04.106',NULL) RETURNING "id"
{"level":"info","ts":1761908884.107556,"caller":"services/network.go:132","msg":"Node created successfully","node_id":"ff35ce50-ecb1-4591-8576-1bc1f519a2ed"}

2025/10/31 16:38:04 [32m/Users/ayushar3/projects/netorchestrator/internal/services/network.go:127
[0m[33m[2.018ms] [34;1m[rows:1][0m INSERT INTO "nodes" ("network_id","name","node_type","status","ip_address","mac_address","config","position","created_at","updated_at","deleted_at") VALUES ('ec09c9e5-3b50-448c-8fd6-9db9da1ce0d2','Node 4','host','active','','','{"cpu":0,"memory":0,"storage":0,"os":"","image":"","ports":null,"services":null,"custom_attrs":null}','{"x":0,"y":0}','2025-10-31 16:38:04.108','2025-10-31 16:38:04.108',NULL) RETURNING "id"
{"level":"info","ts":1761908884.109764,"caller":"services/network.go:132","msg":"Node created successfully","node_id":"ede3d426-6f85-42d7-b753-9dffafc90380"}

2025/10/31 16:38:04 [32m/Users/ayushar3/projects/netorchestrator/internal/services/network.go:127
[0m[33m[1.528ms] [34;1m[rows:1][0m INSERT INTO "nodes" ("network_id","name","node_type","status","ip_address","mac_address","config","position","created_at","updated_at","deleted_at") VALUES ('ec09c9e5-3b50-448c-8fd6-9db9da1ce0d2','Node 5','host','active','','','{"cpu":0,"memory":0,"storage":0,"os":"","image":"","ports":null,"services":null,"custom_attrs":null}','{"x":0,"y":0}','2025-10-31 16:38:04.11','2025-10-31 16:38:04.11',NULL) RETURNING "id"
{"level":"info","ts":1761908884.1114628,"caller":"services/network.go:132","msg":"Node created successfully","node_id":"c0e7bf7b-03c0-4ec2-92aa-fcd0f709cc2d"}

2025/10/31 16:38:04 [32m/Users/ayushar3/projects/netorchestrator/internal/services/network.go:127
[0m[33m[1.501ms] [34;1m[rows:1][0m INSERT INTO "nodes" ("network_id","name","node_type","status","ip_address","mac_address","config","position","created_at","updated_at","deleted_at") VALUES ('ec09c9e5-3b50-448c-8fd6-9db9da1ce0d2','Node 6','host','active','','','{"cpu":0,"memory":0,"storage":0,"os":"","image":"","ports":null,"services":null,"custom_attrs":null}','{"x":0,"y":0}','2025-10-31 16:38:04.111','2025-10-31 16:38:04.111',NULL) RETURNING "id"
{"level":"info","ts":1761908884.113114,"caller":"services/network.go:132","msg":"Node created successfully","node_id":"7c82f882-4861-414b-8ed9-5adf33a1434f"}
2025/10/31 16:40:33 AUDIT_LOG: {"id":"3b2973c7ce617f95d22eb30e4316e313","timestamp":"2025-10-31T16:40:33.598194+05:30","level":"INFO","user_id":"admin-uuid","username":"admin","action":"authenticate","resource":"user_session","ip_address":"::1","success":true}
{"level":"info","ts":1761909033.612759,"caller":"nlp/service.go:43","msg":"Parsing natural language request","text":"create a mesh network named \"production cluster\" with 4 database servers using 172.16.1.0/24 subnet"}
{"level":"info","ts":1761909033.612986,"caller":"nlp/service.go:119","msg":"Parsed network specification","topology":"mesh","node_count":4}

2025/10/31 16:40:33 [32m/Users/ayushar3/projects/netorchestrator/internal/services/network.go:91
[0m[33m[3.839ms] [34;1m[rows:1][0m SELECT "id" FROM "users" WHERE username = 'admin' AND "users"."deleted_at" IS NULL ORDER BY "users"."id" LIMIT 1

2025/10/31 16:40:33 [32m/Users/ayushar3/projects/netorchestrator/internal/services/network.go:38
[0m[33m[8.748ms] [34;1m[rows:1][0m INSERT INTO "networks" ("name","description","status","user_id","config","created_at","updated_at","deleted_at") VALUES ('production cluster','Network created from natural language: create a mesh network named "production cluster" with 4 database servers using 172.16.1.0/24 subnet','pending','070c27a6-34e8-498d-8e55-2b046e69f6bc','{"topology":"mesh","subnet":"172.16.1.0/24","gateway":"","dns":null,"mtu":0,"qos":{"enabled":false,"policies":null,"bandwidth":{"upstream":0,"downstream":0,"burst":0},"priority":{"levels":null},"custom_attrs":null},"security":{"firewall":{"enabled":false,"rules":null},"encryption":{"enabled":false,"algorithm":"","key_size":0,"custom_attrs":null},"access":{"enabled":false,"rules":null,"custom_attrs":null},"custom_attrs":null},"monitoring":{"enabled":false,"metrics":null,"alerts":null,"custom_attrs":null},"custom_attrs":null}','2025-10-31 16:40:33.617','2025-10-31 16:40:33.617',NULL) RETURNING "id"
{"level":"info","ts":1761909033.625889,"caller":"services/network.go:43","msg":"Network created successfully","network_id":"db905bd8-2e49-4a36-897c-8f0429e7ae86"}

2025/10/31 16:40:33 [32m/Users/ayushar3/projects/netorchestrator/internal/services/network.go:127
[0m[33m[1.649ms] [34;1m[rows:1][0m INSERT INTO "nodes" ("network_id","name","node_type","status","ip_address","mac_address","config","position","created_at","updated_at","deleted_at") VALUES ('db905bd8-2e49-4a36-897c-8f0429e7ae86','Node 1','host','active','172.16.1.0','','{"cpu":0,"memory":0,"storage":0,"os":"","image":"","ports":null,"services":null,"custom_attrs":null}','{"x":0,"y":0}','2025-10-31 16:40:33.626','2025-10-31 16:40:33.626',NULL) RETURNING "id"
{"level":"info","ts":1761909033.627696,"caller":"services/network.go:132","msg":"Node created successfully","node_id":"e8d49536-3233-4b45-bd09-5e836f907020"}

2025/10/31 16:40:33 [32m/Users/ayushar3/projects/netorchestrator/internal/services/network.go:127
[0m[33m[1.055ms] [34;1m[rows:1][0m INSERT INTO "nodes" ("network_id","name","node_type","status","ip_address","mac_address","config","position","created_at","updated_at","deleted_at") VALUES ('db905bd8-2e49-4a36-897c-8f0429e7ae86','Node 2','host','active','','','{"cpu":0,"memory":0,"storage":0,"os":"","image":"","ports":null,"services":null,"custom_attrs":null}','{"x":0,"y":0}','2025-10-31 16:40:33.627','2025-10-31 16:40:33.627',NULL) RETURNING "id"
{"level":"info","ts":1761909033.628821,"caller":"services/network.go:132","msg":"Node created successfully","node_id":"1a816ef3-8dc7-4ffe-8b7f-1fb53cc97f20"}

2025/10/31 16:40:33 [32m/Users/ayushar3/projects/netorchestrator/internal/services/network.go:127
[0m[33m[1.275ms] [34;1m[rows:1][0m INSERT INTO "nodes" ("network_id","name","node_type","status","ip_address","mac_address","config","position","created_at","updated_at","deleted_at") VALUES ('db905bd8-2e49-4a36-897c-8f0429e7ae86','Node 3','host','active','','','{"cpu":0,"memory":0,"storage":0,"os":"","image":"","ports":null,"services":null,"custom_attrs":null}','{"x":0,"y":0}','2025-10-31 16:40:33.629','2025-10-31 16:40:33.629',NULL) RETURNING "id"
{"level":"info","ts":1761909033.630163,"caller":"services/network.go:132","msg":"Node created successfully","node_id":"4e8de6a3-2848-4099-9aae-926a90ca0cef"}

2025/10/31 16:40:33 [32m/Users/ayushar3/projects/netorchestrator/internal/services/network.go:127
[0m[33m[1.104ms] [34;1m[rows:1][0m INSERT INTO "nodes" ("network_id","name","node_type","status","ip_address","mac_address","config","position","created_at","updated_at","deleted_at") VALUES ('db905bd8-2e49-4a36-897c-8f0429e7ae86','Node 4','host','active','','','{"cpu":0,"memory":0,"storage":0,"os":"","image":"","ports":null,"services":null,"custom_attrs":null}','{"x":0,"y":0}','2025-10-31 16:40:33.63','2025-10-31 16:40:33.63',NULL) RETURNING "id"
{"level":"info","ts":1761909033.63133,"caller":"services/network.go:132","msg":"Node created successfully","node_id":"0570da29-e015-4e81-8ea4-65c828991ce2"}
2025/10/31 16:40:37 AUDIT_LOG: {"id":"677092d2b8dfe028a96ba752abab535c","timestamp":"2025-10-31T16:40:37.656516+05:30","level":"INFO","user_id":"admin-uuid","username":"admin","action":"authenticate","resource":"user_session","ip_address":"::1","success":true}

2025/10/31 16:40:37 [32m/Users/ayushar3/projects/netorchestrator/internal/services/network.go:91
[0m[33m[3.096ms] [34;1m[rows:1][0m SELECT "id" FROM "users" WHERE username = 'admin' AND "users"."deleted_at" IS NULL ORDER BY "users"."id" LIMIT 1

2025/10/31 16:40:37 [32m/Users/ayushar3/projects/netorchestrator/internal/services/network.go:75
[0m[33m[2.581ms] [34;1m[rows:7][0m SELECT * FROM "networks" WHERE "networks"."deleted_at" IS NULL
