🚀 Starting Stopped NetOrchestrator Containers
==============================================

🔄 Found stopped containers. Starting them...

   🔄 Starting policy-router...
   ✅ policy-router started successfully
   🔄 Starting prometheus...
   ✅ prometheus started successfully
   🔄 Starting grafana...
   ✅ grafana started successfully
   🔄 Starting node_a45d0665...
   ✅ node_a45d0665 started successfully
   🔄 Starting node_2f1d89fe...
   ✅ node_2f1d89fe started successfully
   🔄 Starting node_fa28db5d...
   ✅ node_fa28db5d started successfully
   🔄 Starting postgres...
   ✅ postgres started successfully
   🔄 Starting redis...
   ✅ redis started successfully
   🔄 Starting influxdb...
   ✅ influxdb started successfully
   🔄 Starting node_6903cf0d...
   ✅ node_6903cf0d started successfully
   🔄 Starting node_26192788...
   ✅ node_26192788 started successfully
   🔄 Starting node_920ff264...
   ✅ node_920ff264 started successfully
   🔄 Starting node_d01e1aeb...
   ✅ node_d01e1aeb started successfully
   🔄 Starting node_f48a3534...
   ✅ node_f48a3534 started successfully
   🔄 Starting node_cfeec190...
   ✅ node_cfeec190 started successfully
   🔄 Starting node_29a59e50...
   ✅ node_29a59e50 started successfully
   🔄 Starting node_e0568b22...
   ✅ node_e0568b22 started successfully
   🔄 Starting node_2f0f8ffe...
   ✅ node_2f0f8ffe started successfully

📊 Results: 18 started, 0 failed

📊 Final Container Status:
=========================
   ✅ policy-router: Running (Up 21 seconds)
   ✅ prometheus: Running (Up 20 seconds)
   ✅ grafana: Running (Up 20 seconds)
   ✅ node_a45d0665: Running (Up 19 seconds)
   ✅ node_2f1d89fe: Running (Up 18 seconds)
   ✅ node_fa28db5d: Running (Up 16 seconds)
   ✅ postgres: Running (Up 15 seconds)
   ✅ redis: Running (Up 14 seconds)
   ✅ influxdb: Running (Up 13 seconds)
   ✅ node_6903cf0d: Running (Up 12 seconds)
   ✅ node_26192788: Running (Up 11 seconds)
   ✅ node_920ff264: Running (Up 10 seconds)
   ✅ node_d01e1aeb: Running (Up 9 seconds)
   ✅ node_f48a3534: Running (Up 8 seconds)
   ✅ node_cfeec190: Running (Up 7 seconds)
   ✅ node_29a59e50: Running (Up 5 seconds)
   ✅ node_e0568b22: Running (Up 4 seconds)
   ✅ node_2f0f8ffe: Running (Up 3 seconds)

📊 Summary: 18/18 containers running

📋 Step 3: Building Application...

🔨 Building API Gateway...

📋 Step 4: Starting Services...

🚀 Starting API Gateway...
⏳ Waiting for API Gateway to start...

📋 Step 5: Verifying Installation...

✅ Health Check: healthy

✅ Done!
